2026-10-07 21:54:51.289 Uvicorn server started on :::8501

  You can now view your Streamlit app in your browser.

  Local URL: http://localhost:8501
  Network URL: http://192.168.0.101:8501
  External URL: http://223.74.41.27:8501

Exception in ASGI application
Traceback (most recent call last):
  File "C:\Users\sheng\AppData\Roaming\Python\Python314\site-packages\streamlit\web\server\starlette\starlette_websocket.py", line 516, in _websocket_endpoint
    data = await websocket.receive_bytes()
           ^^^^^^^^^^^^^^^^^^^^^^^^^^^^^^^
  File "C:\Users\sheng\AppData\Roaming\Python\Python314\site-packages\starlette\websockets.py", line 125, in receive_bytes
    raise RuntimeError('WebSocket is not connected. Need to call "accept" first.')
RuntimeError: WebSocket is not connected. Need to call "accept" first.

During handling of the above exception, another exception occurred:

Traceback (most recent call last):
  File "C:\Users\sheng\AppData\Roaming\Python\Python314\site-packages\uvicorn\protocols\websockets\websockets_sansio_impl.py", line 343, in run_asgi
    result = await self.app(self.scope, self.receive, self.send)
             ^^^^^^^^^^^^^^^^^^^^^^^^^^^^^^^^^^^^^^^^^^^^^^^^^^^
  File "C:\Users\sheng\AppData\Roaming\Python\Python314\site-packages\uvicorn\middleware\proxy_headers.py", line 62, in __call__
    return await self.app(scope, receive, send)
           ^^^^^^^^^^^^^^^^^^^^^^^^^^^^^^^^^^^^
  File "C:\Users\sheng\AppData\Roaming\Python\Python314\site-packages\starlette\applications.py", line 90, in __call__
    await self.middleware_stack(scope, receive, send)
  File "C:\Users\sheng\AppData\Roaming\Python\Python314\site-packages\starlette\middleware\errors.py", line 151, in __call__
    await self.app(scope, receive, send)
  File "C:\Users\sheng\AppData\Roaming\Python\Python314\site-packages\streamlit\web\server\starlette\starlette_path_security_middleware.py", line 145, in __call__
    await self.app(scope, receive, send)
  File "C:\Users\sheng\AppData\Roaming\Python\Python314\site-packages\starlette\middleware\sessions.py", line 88, in __call__
    await self.app(scope, receive, send_wrapper)
  File "C:\Users\sheng\AppData\Roaming\Python\Python314\site-packages\streamlit\web\server\starlette\starlette_gzip_middleware.py", line 220, in __call__
    await self._gzip_app(scope, receive, send)
  File "C:\Users\sheng\AppData\Roaming\Python\Python314\site-packages\starlette\middleware\gzip.py", line 19, in __call__
    await self.app(scope, receive, send)
  File "C:\Users\sheng\AppData\Roaming\Python\Python314\site-packages\starlette\middleware\exceptions.py", line 63, in __call__
    await wrap_app_handling_exceptions(self.app, conn)(scope, receive, send)
  File "C:\Users\sheng\AppData\Roaming\Python\Python314\site-packages\starlette\_exception_handler.py", line 53, in wrapped_app
    raise exc
  File "C:\Users\sheng\AppData\Roaming\Python\Python314\site-packages\starlette\_exception_handler.py", line 42, in wrapped_app
    await app(scope, receive, sender)
  File "C:\Users\sheng\AppData\Roaming\Python\Python314\site-packages\starlette\routing.py", line 660, in __call__
    await self.middleware_stack(scope, receive, send)
  File "C:\Users\sheng\AppData\Roaming\Python\Python314\site-packages\starlette\routing.py", line 680, in app
    await route.handle(scope, receive, send)
  File "C:\Users\sheng\AppData\Roaming\Python\Python314\site-packages\starlette\routing.py", line 350, in handle
    await self.app(scope, receive, send)
  File "C:\Users\sheng\AppData\Roaming\Python\Python314\site-packages\starlette\routing.py", line 83, in app
    await wrap_app_handling_exceptions(app, session)(scope, receive, send)
  File "C:\Users\sheng\AppData\Roaming\Python\Python314\site-packages\starlette\_exception_handler.py", line 53, in wrapped_app
    raise exc
  File "C:\Users\sheng\AppData\Roaming\Python\Python314\site-packages\starlette\_exception_handler.py", line 42, in wrapped_app
    await app(scope, receive, sender)
  File "C:\Users\sheng\AppData\Roaming\Python\Python314\site-packages\starlette\routing.py", line 81, in app
    await func(session)
  File "C:\Users\sheng\AppData\Roaming\Python\Python314\site-packages\streamlit\web\server\starlette\starlette_websocket.py", line 524, in _websocket_endpoint
    await websocket.close()
  File "C:\Users\sheng\AppData\Roaming\Python\Python314\site-packages\starlette\websockets.py", line 181, in close
    await self.send({"type": "websocket.close", "code": code, "reason": reason or ""})
  File "C:\Users\sheng\AppData\Roaming\Python\Python314\site-packages\starlette\websockets.py", line 98, in send
    raise RuntimeError('Cannot call "send" once a close message has been sent.')
RuntimeError: Cannot call "send" once a close message has been sent.
